\BOOKMARK [1][-]{section.2}{Introduction.}{}% 1
\BOOKMARK [1][-]{section.3}{Background.}{}% 2
\BOOKMARK [1][-]{section.4}{Algorithm.}{}% 3
\BOOKMARK [2][-]{figure.6}{Overview.}{section.4}% 4
\BOOKMARK [2][-]{subsection.13}{RadixHuskySort.}{section.4}% 5
\BOOKMARK [2][-]{subsection.26}{Discussion of Husky Encoding.}{section.4}% 6
\BOOKMARK [2][-]{subsection.27}{Discussion of p\137crit.}{section.4}% 7
\BOOKMARK [2][-]{subsection.31}{Why husky coding works.}{section.4}% 8
\BOOKMARK [1][-]{section.51}{Implementation.}{}% 9
\BOOKMARK [2][-]{subsection.52}{System Environment.}{section.51}% 10
\BOOKMARK [1][-]{section.55}{Test Case and Analysis.}{}% 11
\BOOKMARK [2][-]{subsection.56}{Data Source.}{section.55}% 12
\BOOKMARK [2][-]{subsection.57}{Analysis.}{section.55}% 13
\BOOKMARK [1][-]{section.60}{Results and Observations.}{}% 14
\BOOKMARK [2][-]{subsection.61}{Benchmarks.}{section.60}% 15
\BOOKMARK [2][-]{subsection.64}{Summary.}{section.60}% 16
\BOOKMARK [2][-]{subsection.65}{Radix Sort Results.}{section.60}% 17
\BOOKMARK [2][-]{subsection.68}{Use-Case Guidance.}{section.60}% 18
\BOOKMARK [1][-]{section.71}{Conclusion.}{}% 19
\BOOKMARK [1][-]{section.74}{Appendix.}{}% 20
\BOOKMARK [2][-]{subsection.75}{The array-access analysis of QuickHuskySort.}{section.74}% 21
\BOOKMARK [2][-]{subsection.77}{Prior comparison-based sorting algorithms.}{section.74}% 22
\BOOKMARK [2][-]{subsection.80}{Benchmark environments.}{section.74}% 23
\BOOKMARK [2][-]{subsection.83}{Discussion of coding accuracy.}{section.74}% 24
\BOOKMARK [2][-]{subsection.84}{Timsort or insertion sort for the cleanup pass.}{section.74}% 25
\BOOKMARK [2][-]{subsection.87}{Comparison-sort baselines for the numeric and tuple types.}{section.74}% 26
\BOOKMARK [2][-]{subsection.90}{Arrays.parallelSort as a parallel baseline.}{section.74}% 27
\BOOKMARK [2][-]{subsection.95}{Parallel Radix Sort.}{section.74}% 28
\BOOKMARK [2][-]{subsection.98}{The cleanup pass as N grows.}{section.74}% 29
\BOOKMARK [2][-]{subsection.99}{Building permits: the case study in full.}{section.74}% 30
\BOOKMARK [2][-]{subsection.100}{Why the two Chinese corpora sit at opposite ends of the table.}{section.74}% 31
\BOOKMARK [2][-]{subsection.101}{Future work: composite keys, and what a library would have to provide.}{section.74}% 32
\BOOKMARK [2][-]{subsection.102}{Adversarial inputs.}{section.74}% 33
\BOOKMARK [2][-]{subsection.107}{Handling of partially-sorted arrays.}{section.74}% 34
